       #NI      #im       #nc       #ic                                                      #SMILES
        1   000001         1         1                                                            O
        2   000002         1         2                                                          C=C
        3   000003         2         4                                                         C=CO
        4   000004         1         5                                                       C=CC=C
        5   000005         2         7                                                    C=CC(=C)O
        5   000006         2         9                                                      C=CC=CO
        6   000007         1        10                                                     c1ccccc1
